     1                                  
     2                                  	; Name: D. Kevin McGrath
     3                                  	; Creation date: 16 January 2015
     4                                  	; Last modified: 09:09 16 January 2015
     5                                  	;
     6                                  	; 
     7                                  	; Name of file: example1.asm
     8                                  	; Description: First example file, with basic I/O
     9                                  		
    10                                  	; Assemble:	nasm -f elf -l example.lst  example1.asm
    11                                  	; Link:		gcc -o example1  example1.o
    12                                  	; Run:		example1
    13                                  	; Output:	something
    14                                  
    15                                  	; Equivalent C code
    16                                  	; /* printf1.c  print an int and an expression */
    17                                  	; #include <stdio.h>
    18                                  	; int main()
    19                                  	; {
    20                                  	;   printf("Hello world!\n");
    21                                  	;   return 0;
    22                                  	; }
    23                                  
    24                                  	; Declare needed external functions
    25                                  	;
    26                                  	extern printf			; the C function, to be called
    27                                  	extern scanf			; C input function
    28                                  
    29                                  SECTION .data				; Data section, initialized variables
    30 00000000 476F7420256420616E-     	fmt:    db "Got %d and %d as input!", 10, 0 ; The printf format, "\n",'0'
    31 00000009 642025642061732069-
    32 00000012 6E707574210A00     
    33 00000019 256420256400            	input:	db "%d %d",0			 ; the scanf format
    34                                  
    35                                  SECTION .bss				; BSS, uninitialized variables
    36 00000000 <res 00000004>          	int1:	resd 1
    37 00000004 <res 00000004>          	int2:	resd 1
    38                                  		
    39                                  SECTION .text				; Code section.
    40                                  
    41                                  	global main				; the standard gcc entry point
    42                                  
    43                                  	main:					; the program label for the entry point
    44 00000000 55                      		push ebp			; set up stack frame
    45 00000001 89E5                    		mov ebp,esp
    46                                  
    47 00000003 68[04000000]            		push dword int2
    48 00000008 68[00000000]            		push dword int1
    49 0000000D 68[19000000]            		push dword input
    50 00000012 E8(00000000)            		call scanf
    51 00000017 81C40C000000            		add esp, 12
    52                                  
    53 0000001D FF35[04000000]          		push dword [int2]
    54 00000023 FF35[00000000]          		push dword [int1]
    55 00000029 68[00000000]            		push dword fmt
    56 0000002E E8(00000000)            		call printf
    57 00000033 81C40C000000            		add esp, 12
    58                                  
    59                                  		
    60 00000039 89EC                    		mov esp, ebp	; takedown stack frame
    61 0000003B 5D                      		pop ebp			; same as "leave" op
    62                                  
    63 0000003C B800000000              		mov eax,0		; normal, no error, return value
    64 00000041 C3                      		ret					; return
    65                                  	
